I'm sorry, but errors were detected in your script. Please correct the
errors listed below, and try again.


File "game/script.rpy", line 2484: Line is indented, but the preceding show statement statement does not expect a block. Please check this line's indentation.
    xalign 0.2
    ^

Ren'Py Version: Ren'Py 8.0.1.22070801
Sun Sep  4 08:37:22 2022
